// Jest Snapshot v1, https://goo.gl/fbAQLP

exports[`<Form /> renders the <Form /> with populated data 1`] = `
<div
  class="Form__Container-sc-13a4k0z-0 gnOEDv"
>
  <h1
    class="Form__Title-sc-13a4k0z-3 fiTcPU"
  >
    Sign In Now
  </h1>
  <form
    class="Form__Base-sc-13a4k0z-1 QfanM"
  >
    <input
      class="Form__Input-sc-13a4k0z-7 cvttIU"
      placeholder="Email address"
    />
    <input
      class="Form__Input-sc-13a4k0z-7 cvttIU"
      placeholder="Password"
      type="password"
    />
  </form>
  <p
    class="Form__SmallText-sc-13a4k0z-5 BIKtN"
  >
    This page is protected by Google reCAPTCHA to ensure you're not a bot. Learn more.
  </p>
</div>
`;
